

Mon Apr 28 23:10:29 2025
Command line: TestDisk

TestDisk 7.1, Data Recovery Utility, July 2019
Christophe GRENIER <grenier@cgsecurity.org>
https://www.cgsecurity.org
OS: Linux, kernel 5.15.167.4-microsoft-standard-WSL2 (#1 SMP Tue Nov 5 00:21:55 UTC 2024) x86_64
Compiler: GCC 13.2
ext2fs lib: 1.47.0, ntfs lib: libntfs-3g, reiserfs lib: none, ewf lib: none, curses lib: ncurses 6.4
Warning: can't get size for Disk /dev/mapper/control - 0 B - 0 sectors, sector size=512
Warning: can't get size for Disk /dev/loop0 - 0 B - 0 sectors, sector size=512
Warning: can't get size for Disk /dev/loop1 - 0 B - 0 sectors, sector size=512
Warning: can't get size for Disk /dev/loop2 - 0 B - 0 sectors, sector size=512
Warning: can't get size for Disk /dev/loop3 - 0 B - 0 sectors, sector size=512
Warning: can't get size for Disk /dev/loop4 - 0 B - 0 sectors, sector size=512
Warning: can't get size for Disk /dev/loop5 - 0 B - 0 sectors, sector size=512
Warning: can't get size for Disk /dev/loop6 - 0 B - 0 sectors, sector size=512
Warning: can't get size for Disk /dev/loop7 - 0 B - 0 sectors, sector size=512
Hard disk list
Disk /dev/sda - 407 MB / 388 MiB - CHS 49 255 63 (RO), sector size=512 - Msft Virtual Disk, FW:1.0
Disk /dev/sdb - 2147 MB / 2048 MiB - CHS 261 255 63, sector size=512 - Msft Virtual Disk, FW:1.0
Disk /dev/sdc - 1099 GB / 1024 GiB - CHS 133674 255 63, sector size=512 - Msft Virtual Disk, FW:1.0

Partition table type (auto): None
Media is opened in read-only.
Disk /dev/sda - 407 MB / 388 MiB (RO) - Msft Virtual Disk
Partition table type: Intel

Analyse Disk /dev/sda - 407 MB / 388 MiB - CHS 49 255 63 (RO)
Current partition structure:

Partition sector doesn't have the endmark 0xAA55

search_part()
Disk /dev/sda - 407 MB / 388 MiB - CHS 49 255 63 (RO)

Results

interface_write()
 
No partition found or selected for recovery

search_part()
Disk /dev/sda - 407 MB / 388 MiB - CHS 49 255 63 (RO)

Results

interface_write()
 
No partition found or selected for recovery
simulate write!

write_mbr_i386: starting...
Store new MBR code
write_all_log_i386: starting...
No extended partition

Analyse Disk /dev/sda - 407 MB / 388 MiB - CHS 49 255 63 (RO)
Current partition structure:

Partition sector doesn't have the endmark 0xAA55

search_part()
Disk /dev/sda - 407 MB / 388 MiB - CHS 49 255 63 (RO)

Results

interface_write()
 
No partition found or selected for recovery

search_part()
Disk /dev/sda - 407 MB / 388 MiB - CHS 49 255 63 (RO)

Results

interface_write()
 
No partition found or selected for recovery
simulate write!

write_mbr_i386: starting...
Store new MBR code
write_all_log_i386: starting...
No extended partition

Analyse Disk /dev/sda - 407 MB / 388 MiB - CHS 49 255 63 (RO)
Current partition structure:

Partition sector doesn't have the endmark 0xAA55
SIGHUP detected! TestDisk has been killed.
